MO univ_bin_counter NULL univ_bin_counter.v vlg35/univ__bin__counter.bin 1544831579
MO instruction_decoder NULL instruction_decoder.v vlg5F/instruction__decoder.bin 1544831579
MO top NULL top.v vlg6F/top.bin 1544385864
MO reg_file NULL reg_file.v vlg69/reg__file.bin 1544831579
MO control NULL control.v vlg61/control.bin 1544831579
